// Jest Snapshot v1, https://goo.gl/fbAQLP

exports[`should write to file 1`] = `
"{
  \\"$schema\\": \\"http://json-schema.org/draft-07/schema#\\",
  \\"type\\": \\"object\\",
  \\"properties\\": {
    \\"title\\": {
      \\"type\\": \\"string\\"
    },
    \\"id\\": {
      \\"type\\": \\"integer\\"
    },
    \\"date\\": {
      \\"type\\": \\"string\\",
      \\"format\\": \\"date-time\\"
    },
    \\"fruits\\": {
      \\"type\\": \\"array\\",
      \\"items\\": {
        \\"type\\": \\"string\\"
      }
    },
    \\"mixed\\": {
      \\"type\\": \\"array\\",
      \\"items\\": {
        \\"oneOf\\": [
          {
            \\"type\\": \\"string\\"
          },
          {
            \\"type\\": \\"null\\"
          },
          {
            \\"type\\": \\"integer\\"
          }
        ]
      }
    },
    \\"employers\\": {
      \\"type\\": \\"array\\",
      \\"items\\": {
        \\"type\\": \\"object\\",
        \\"properties\\": {
          \\"name\\": {
            \\"type\\": \\"string\\"
          },
          \\"age\\": {
            \\"type\\": [
              \\"integer\\",
              \\"null\\"
            ]
          }
        }
      }
    },
    \\"person\\": {
      \\"type\\": \\"object\\",
      \\"properties\\": {
        \\"name\\": {
          \\"type\\": \\"string\\"
        },
        \\"age\\": {
          \\"type\\": \\"integer\\"
        }
      }
    },
    \\"coords\\": {
      \\"type\\": \\"object\\",
      \\"properties\\": {
        \\"latitude\\": {
          \\"type\\": \\"number\\"
        },
        \\"longitude\\": {
          \\"type\\": \\"number\\"
        }
      }
    }
  }
}"
`;
